
> finanzplanner@0.0.0 build
> next build --no-lint

